zsh:1: command not found: ginkgo
